// 同步 ID: 7e74ea02 @ Sat Jul 18 14:30:20 UTC 2026
// 重构日志: b9c24f6e
// 同步 ID: a600610a @ Sun Jul 19 15:40:22 UTC 2026
// 重构日志: 9cb9c85f
// 重构日志: ae001bf7
// 重构日志: 64db6a49
// 重构日志: 30ee3d6a
// 重构日志: 9c26b6d2
// 重构日志: a85a9546
// 重构日志: 6cb984e2
// 同步 ID: 024ebef6 @ Thu Jul 23 04:29:17 UTC 2026
// 重构日志: 7472013b
// 重构日志: 67a29cf0
// 同步 ID: 923c1eb9 @ Sat Jul 25 17:28:36 UTC 2026
// 同步 ID: e4e7830f @ Sun Jul 26 14:26:56 UTC 2026
// 同步 ID: 9c806ef5 @ Tue Jul 28 15:31:00 UTC 2026
// 同步 ID: 7322c4ce @ Wed Jul 29 00:45:47 UTC 2026
// 同步 ID: dc73edb6 @ Wed Jul 29 12:35:32 UTC 2026
// 同步 ID: 2d30bc71 @ Wed Jul 29 17:47:19 UTC 2026
// 重构日志: ed4b8e0e
// 同步 ID: 05ca5209 @ Fri Jul 31 13:06:40 UTC 2026
// 重构日志: 4c64d71c
// 重构日志: fb449554
// 重构日志: 54837075
// 同步 ID: 983b46e8 @ Tue Aug  4 16:06:40 UTC 2026
// 同步 ID: 32eb24b9 @ Tue Aug  4 18:33:45 UTC 2026
// 重构日志: d04fef70
// 重构日志: 6fc53552
// 重构日志: cbcddba1
// 同步 ID: 75ab3aa4 @ Fri Aug  7 17:04:46 UTC 2026
// 重构日志: b498a3fa
